// Jest Snapshot v1, https://goo.gl/fbAQLP

exports[`<Game /> render 1`] = `
<div
  className="rollers"
>
  <div
    className="Toastify"
  />
  <div
    className="overlay"
  />
  <div
    className="roller-wrapper left"
  >
    <div
      className="styles-roller-left"
    />
    <div
      className="roller left"
      style={
        Object {
          "height": "170px",
          "transformOrigin": "0 50% -261.6031006598966px",
          "width": "210px",
        }
      }
    >
      <div
        className="slot"
        style={
          Object {
            "transform": "translateZ(0px) translateY(0px) rotateX(0deg)",
          }
        }
      >
        <img
          src="test-file-stub"
        />
      </div>
      <div
        className="slot"
        style={
          Object {
            "transform": "translateZ(-49.96174644486021px) translateY(153.76644452187057px) rotateX(-36deg)",
          }
        }
      >
        <img
          src="test-file-stub"
        />
      </div>
      <div
        className="slot"
        style={
          Object {
            "transform": "translateZ(-180.7632967748085px) translateY(248.79933356561165px) rotateX(-72deg)",
          }
        }
      >
        <img
          src="test-file-stub"
        />
      </div>
      <div
        className="slot"
        style={
          Object {
            "transform": "translateZ(-342.44290454498463px) translateY(248.79933356561168px) rotateX(-108deg)",
          }
        }
      >
        <img
          src="test-file-stub"
        />
      </div>
      <div
        className="slot"
        style={
          Object {
            "transform": "translateZ(-473.24445487493296px) translateY(153.7664445218706px) rotateX(-144deg)",
          }
        }
      >
        <img
          src="test-file-stub"
        />
      </div>
      <div
        className="slot"
        style={
          Object {
            "transform": "translateZ(-523.2062013197932px) translateY(3.203713998701652e-14px) rotateX(-180deg)",
          }
        }
      >
        <img
          src="test-file-stub"
        />
      </div>
      <div
        className="slot"
        style={
          Object {
            "transform": "translateZ(-473.244454874933px) translateY(-153.76644452187054px) rotateX(-216deg)",
          }
        }
      >
        <img
          src="test-file-stub"
        />
      </div>
      <div
        className="slot"
        style={
          Object {
            "transform": "translateZ(-342.4429045449847px) translateY(-248.79933356561165px) rotateX(-252deg)",
          }
        }
      >
        <img
          src="test-file-stub"
        />
      </div>
      <div
        className="slot"
        style={
          Object {
            "transform": "translateZ(-180.76329677480857px) translateY(-248.79933356561168px) rotateX(-288deg)",
          }
        }
      >
        <img
          src="test-file-stub"
        />
      </div>
      <div
        className="slot"
        style={
          Object {
            "transform": "translateZ(-49.96174644486024px) translateY(-153.76644452187062px) rotateX(-324deg)",
          }
        }
      >
        <img
          src="test-file-stub"
        />
      </div>
    </div>
  </div>
  <div
    className="roller-wrapper center"
  >
    <div
      className="styles-roller-center"
    />
    <div
      className="roller center"
      style={
        Object {
          "height": "170px",
          "transformOrigin": "0 50% -261.6031006598966px",
          "width": "210px",
        }
      }
    >
      <div
        className="slot"
        style={
          Object {
            "transform": "translateZ(0px) translateY(0px) rotateX(0deg)",
          }
        }
      >
        <img
          src="test-file-stub"
        />
      </div>
      <div
        className="slot"
        style={
          Object {
            "transform": "translateZ(-49.96174644486021px) translateY(153.76644452187057px) rotateX(-36deg)",
          }
        }
      >
        <img
          src="test-file-stub"
        />
      </div>
      <div
        className="slot"
        style={
          Object {
            "transform": "translateZ(-180.7632967748085px) translateY(248.79933356561165px) rotateX(-72deg)",
          }
        }
      >
        <img
          src="test-file-stub"
        />
      </div>
      <div
        className="slot"
        style={
          Object {
            "transform": "translateZ(-342.44290454498463px) translateY(248.79933356561168px) rotateX(-108deg)",
          }
        }
      >
        <img
          src="test-file-stub"
        />
      </div>
      <div
        className="slot"
        style={
          Object {
            "transform": "translateZ(-473.24445487493296px) translateY(153.7664445218706px) rotateX(-144deg)",
          }
        }
      >
        <img
          src="test-file-stub"
        />
      </div>
      <div
        className="slot"
        style={
          Object {
            "transform": "translateZ(-523.2062013197932px) translateY(3.203713998701652e-14px) rotateX(-180deg)",
          }
        }
      >
        <img
          src="test-file-stub"
        />
      </div>
      <div
        className="slot"
        style={
          Object {
            "transform": "translateZ(-473.244454874933px) translateY(-153.76644452187054px) rotateX(-216deg)",
          }
        }
      >
        <img
          src="test-file-stub"
        />
      </div>
      <div
        className="slot"
        style={
          Object {
            "transform": "translateZ(-342.4429045449847px) translateY(-248.79933356561165px) rotateX(-252deg)",
          }
        }
      >
        <img
          src="test-file-stub"
        />
      </div>
      <div
        className="slot"
        style={
          Object {
            "transform": "translateZ(-180.76329677480857px) translateY(-248.79933356561168px) rotateX(-288deg)",
          }
        }
      >
        <img
          src="test-file-stub"
        />
      </div>
      <div
        className="slot"
        style={
          Object {
            "transform": "translateZ(-49.96174644486024px) translateY(-153.76644452187062px) rotateX(-324deg)",
          }
        }
      >
        <img
          src="test-file-stub"
        />
      </div>
    </div>
  </div>
  <div
    className="roller-wrapper right"
  >
    <div
      className="styles-roller-right"
    />
    <div
      className="roller right"
      style={
        Object {
          "height": "170px",
          "transformOrigin": "0 50% -261.6031006598966px",
          "width": "210px",
        }
      }
    >
      <div
        className="slot"
        style={
          Object {
            "transform": "translateZ(0px) translateY(0px) rotateX(0deg)",
          }
        }
      >
        <img
          src="test-file-stub"
        />
      </div>
      <div
        className="slot"
        style={
          Object {
            "transform": "translateZ(-49.96174644486021px) translateY(153.76644452187057px) rotateX(-36deg)",
          }
        }
      >
        <img
          src="test-file-stub"
        />
      </div>
      <div
        className="slot"
        style={
          Object {
            "transform": "translateZ(-180.7632967748085px) translateY(248.79933356561165px) rotateX(-72deg)",
          }
        }
      >
        <img
          src="test-file-stub"
        />
      </div>
      <div
        className="slot"
        style={
          Object {
            "transform": "translateZ(-342.44290454498463px) translateY(248.79933356561168px) rotateX(-108deg)",
          }
        }
      >
        <img
          src="test-file-stub"
        />
      </div>
      <div
        className="slot"
        style={
          Object {
            "transform": "translateZ(-473.24445487493296px) translateY(153.7664445218706px) rotateX(-144deg)",
          }
        }
      >
        <img
          src="test-file-stub"
        />
      </div>
      <div
        className="slot"
        style={
          Object {
            "transform": "translateZ(-523.2062013197932px) translateY(3.203713998701652e-14px) rotateX(-180deg)",
          }
        }
      >
        <img
          src="test-file-stub"
        />
      </div>
      <div
        className="slot"
        style={
          Object {
            "transform": "translateZ(-473.244454874933px) translateY(-153.76644452187054px) rotateX(-216deg)",
          }
        }
      >
        <img
          src="test-file-stub"
        />
      </div>
      <div
        className="slot"
        style={
          Object {
            "transform": "translateZ(-342.4429045449847px) translateY(-248.79933356561165px) rotateX(-252deg)",
          }
        }
      >
        <img
          src="test-file-stub"
        />
      </div>
      <div
        className="slot"
        style={
          Object {
            "transform": "translateZ(-180.76329677480857px) translateY(-248.79933356561168px) rotateX(-288deg)",
          }
        }
      >
        <img
          src="test-file-stub"
        />
      </div>
      <div
        className="slot"
        style={
          Object {
            "transform": "translateZ(-49.96174644486024px) translateY(-153.76644452187062px) rotateX(-324deg)",
          }
        }
      >
        <img
          src="test-file-stub"
        />
      </div>
    </div>
  </div>
</div>
`;
